[ERROR] 2026-08-02 13:56:26 views.incomplete_attendance_list_ajax:3357 incomplete_attendance_list_ajax: auto-sync failed
Traceback (most recent call last):
  File "C:\Users\milan\OneDrive\Desktop\E-commerce-Project\.venv\Lib\site-packages\django\db\backends\utils.py", line 105, in _execute
    return self.cursor.execute(sql, params)
           ~~~~~~~~~~~~~~~~~~~^^^^^^^^^^^^^
  File "C:\Users\milan\OneDrive\Desktop\E-commerce-Project\.venv\Lib\site-packages\django\db\backends\mysql\base.py", line 76, in execute
    return self.cursor.execute(query, args)
           ~~~~~~~~~~~~~~~~~~~^^^^^^^^^^^^^
  File "C:\Users\milan\OneDrive\Desktop\E-commerce-Project\.venv\Lib\site-packages\MySQLdb\cursors.py", line 179, in execute
    res = self._query(mogrified_query)
  File "C:\Users\milan\OneDrive\Desktop\E-commerce-Project\.venv\Lib\site-packages\MySQLdb\cursors.py", line 330, in _query
    db.query(q)
    ~~~~~~~~^^^
  File "C:\Users\milan\OneDrive\Desktop\E-commerce-Project\.venv\Lib\site-packages\MySQLdb\connections.py", line 286, in query
    _mysql.connection.query(self, query)
    ~~~~~~~~~~~~~~~~~~~~~~~^^^^^^^^^^^^^
MySQLdb.ProgrammingError: (1146, "Table 'ecommerce_db.hrm_attendancesyncsettings' doesn't exist")

The above exception was the direct cause of the following exception:

Traceback (most recent call last):
  File "C:\Users\milan\OneDrive\Desktop\E-commerce-Project\myproject\hrm\views.py", line 3355, in incomplete_attendance_list_ajax
    _maybe_auto_sync_attendance()
    ~~~~~~~~~~~~~~~~~~~~~~~~~~~^^
  File "C:\Users\milan\OneDrive\Desktop\E-commerce-Project\myproject\hrm\views.py", line 2904, in _maybe_auto_sync_attendance
    settings_obj = AttendanceSyncSettings.get_settings()
  File "C:\Users\milan\OneDrive\Desktop\E-commerce-Project\myproject\hrm\models.py", line 702, in get_settings
    obj, _ = cls.objects.get_or_create(pk=1)
             ~~~~~~~~~~~~~~~~~~~~~~~~~^^^^^^
  File "C:\Users\milan\OneDrive\Desktop\E-commerce-Project\.venv\Lib\site-packages\django\db\models\manager.py", line 87, in manager_method
    return getattr(self.get_queryset(), name)(*args, **kwargs)
           ~~~~~~~~~~~~~~~~~~~~~~~~~~~~~~~~~~^^^^^^^^^^^^^^^^^
  File "C:\Users\milan\OneDrive\Desktop\E-commerce-Project\.venv\Lib\site-packages\django\db\models\query.py", line 946, in get_or_create
    return self.get(**kwargs), False
           ~~~~~~~~^^^^^^^^^^
  File "C:\Users\milan\OneDrive\Desktop\E-commerce-Project\.venv\Lib\site-packages\django\db\models\query.py", line 629, in get
    num = len(clone)
  File "C:\Users\milan\OneDrive\Desktop\E-commerce-Project\.venv\Lib\site-packages\django\db\models\query.py", line 366, in __len__
    self._fetch_all()
    ~~~~~~~~~~~~~~~^^
  File "C:\Users\milan\OneDrive\Desktop\E-commerce-Project\.venv\Lib\site-packages\django\db\models\query.py", line 1935, in _fetch_all
    self._result_cache = list(self._iterable_class(self))
                         ~~~~^^^^^^^^^^^^^^^^^^^^^^^^^^^^
  File "C:\Users\milan\OneDrive\Desktop\E-commerce-Project\.venv\Lib\site-packages\django\db\models\query.py", line 91, in __iter__
    results = compiler.execute_sql(
        chunked_fetch=self.chunked_fetch, chunk_size=self.chunk_size
    )
  File "C:\Users\milan\OneDrive\Desktop\E-commerce-Project\.venv\Lib\site-packages\django\db\models\sql\compiler.py", line 1622, in execute_sql
    cursor.execute(sql, params)
    ~~~~~~~~~~~~~~^^^^^^^^^^^^^
  File "C:\Users\milan\OneDrive\Desktop\E-commerce-Project\.venv\Lib\site-packages\django\db\backends\utils.py", line 79, in execute
    return self._execute_with_wrappers(
           ~~~~~~~~~~~~~~~~~~~~~~~~~~~^
        sql, params, many=False, executor=self._execute
        ^^^^^^^^^^^^^^^^^^^^^^^^^^^^^^^^^^^^^^^^^^^^^^^
    )
    ^
  File "C:\Users\milan\OneDrive\Desktop\E-commerce-Project\.venv\Lib\site-packages\django\db\backends\utils.py", line 92, in _execute_with_wrappers
    return executor(sql, params, many, context)
  File "C:\Users\milan\OneDrive\Desktop\E-commerce-Project\.venv\Lib\site-packages\django\db\backends\utils.py", line 100, in _execute
    with self.db.wrap_database_errors:
         ^^^^^^^^^^^^^^^^^^^^^^^^^^^^
  File "C:\Users\milan\OneDrive\Desktop\E-commerce-Project\.venv\Lib\site-packages\django\db\utils.py", line 91, in __exit__
    raise dj_exc_value.with_traceback(traceback) from exc_value
  File "C:\Users\milan\OneDrive\Desktop\E-commerce-Project\.venv\Lib\site-packages\django\db\backends\utils.py", line 105, in _execute
    return self.cursor.execute(sql, params)
           ~~~~~~~~~~~~~~~~~~~^^^^^^^^^^^^^
  File "C:\Users\milan\OneDrive\Desktop\E-commerce-Project\.venv\Lib\site-packages\django\db\backends\mysql\base.py", line 76, in execute
    return self.cursor.execute(query, args)
           ~~~~~~~~~~~~~~~~~~~^^^^^^^^^^^^^
  File "C:\Users\milan\OneDrive\Desktop\E-commerce-Project\.venv\Lib\site-packages\MySQLdb\cursors.py", line 179, in execute
    res = self._query(mogrified_query)
  File "C:\Users\milan\OneDrive\Desktop\E-commerce-Project\.venv\Lib\site-packages\MySQLdb\cursors.py", line 330, in _query
    db.query(q)
    ~~~~~~~~^^^
  File "C:\Users\milan\OneDrive\Desktop\E-commerce-Project\.venv\Lib\site-packages\MySQLdb\connections.py", line 286, in query
    _mysql.connection.query(self, query)
    ~~~~~~~~~~~~~~~~~~~~~~~^^^^^^^^^^^^^
django.db.utils.ProgrammingError: (1146, "Table 'ecommerce_db.hrm_attendancesyncsettings' doesn't exist")
[ERROR] 2026-08-02 14:04:47 views.incomplete_attendance_list_ajax:3368 incomplete_attendance_list_ajax: auto-sync failed
Traceback (most recent call last):
  File "C:\Users\milan\OneDrive\Desktop\E-commerce-Project\.venv\Lib\site-packages\django\db\backends\utils.py", line 105, in _execute
    return self.cursor.execute(sql, params)
           ~~~~~~~~~~~~~~~~~~~^^^^^^^^^^^^^
  File "C:\Users\milan\OneDrive\Desktop\E-commerce-Project\.venv\Lib\site-packages\django\db\backends\mysql\base.py", line 76, in execute
    return self.cursor.execute(query, args)
           ~~~~~~~~~~~~~~~~~~~^^^^^^^^^^^^^
  File "C:\Users\milan\OneDrive\Desktop\E-commerce-Project\.venv\Lib\site-packages\MySQLdb\cursors.py", line 179, in execute
    res = self._query(mogrified_query)
  File "C:\Users\milan\OneDrive\Desktop\E-commerce-Project\.venv\Lib\site-packages\MySQLdb\cursors.py", line 330, in _query
    db.query(q)
    ~~~~~~~~^^^
  File "C:\Users\milan\OneDrive\Desktop\E-commerce-Project\.venv\Lib\site-packages\MySQLdb\connections.py", line 286, in query
    _mysql.connection.query(self, query)
    ~~~~~~~~~~~~~~~~~~~~~~~^^^^^^^^^^^^^
MySQLdb.ProgrammingError: (1146, "Table 'ecommerce_db.hrm_attendancesyncsettings' doesn't exist")

The above exception was the direct cause of the following exception:

Traceback (most recent call last):
  File "C:\Users\milan\OneDrive\Desktop\E-commerce-Project\myproject\hrm\views.py", line 3366, in incomplete_attendance_list_ajax
    _maybe_auto_sync_attendance()
    ~~~~~~~~~~~~~~~~~~~~~~~~~~~^^
  File "C:\Users\milan\OneDrive\Desktop\E-commerce-Project\myproject\hrm\views.py", line 2904, in _maybe_auto_sync_attendance
    settings_obj = AttendanceSyncSettings.get_settings()
  File "C:\Users\milan\OneDrive\Desktop\E-commerce-Project\myproject\hrm\models.py", line 702, in get_settings
    obj, _ = cls.objects.get_or_create(pk=1)
             ~~~~~~~~~~~~~~~~~~~~~~~~~^^^^^^
  File "C:\Users\milan\OneDrive\Desktop\E-commerce-Project\.venv\Lib\site-packages\django\db\models\manager.py", line 87, in manager_method
    return getattr(self.get_queryset(), name)(*args, **kwargs)
           ~~~~~~~~~~~~~~~~~~~~~~~~~~~~~~~~~~^^^^^^^^^^^^^^^^^
  File "C:\Users\milan\OneDrive\Desktop\E-commerce-Project\.venv\Lib\site-packages\django\db\models\query.py", line 946, in get_or_create
    return self.get(**kwargs), False
           ~~~~~~~~^^^^^^^^^^
  File "C:\Users\milan\OneDrive\Desktop\E-commerce-Project\.venv\Lib\site-packages\django\db\models\query.py", line 629, in get
    num = len(clone)
  File "C:\Users\milan\OneDrive\Desktop\E-commerce-Project\.venv\Lib\site-packages\django\db\models\query.py", line 366, in __len__
    self._fetch_all()
    ~~~~~~~~~~~~~~~^^
  File "C:\Users\milan\OneDrive\Desktop\E-commerce-Project\.venv\Lib\site-packages\django\db\models\query.py", line 1935, in _fetch_all
    self._result_cache = list(self._iterable_class(self))
                         ~~~~^^^^^^^^^^^^^^^^^^^^^^^^^^^^
  File "C:\Users\milan\OneDrive\Desktop\E-commerce-Project\.venv\Lib\site-packages\django\db\models\query.py", line 91, in __iter__
    results = compiler.execute_sql(
        chunked_fetch=self.chunked_fetch, chunk_size=self.chunk_size
    )
  File "C:\Users\milan\OneDrive\Desktop\E-commerce-Project\.venv\Lib\site-packages\django\db\models\sql\compiler.py", line 1622, in execute_sql
    cursor.execute(sql, params)
    ~~~~~~~~~~~~~~^^^^^^^^^^^^^
  File "C:\Users\milan\OneDrive\Desktop\E-commerce-Project\.venv\Lib\site-packages\django\db\backends\utils.py", line 79, in execute
    return self._execute_with_wrappers(
           ~~~~~~~~~~~~~~~~~~~~~~~~~~~^
        sql, params, many=False, executor=self._execute
        ^^^^^^^^^^^^^^^^^^^^^^^^^^^^^^^^^^^^^^^^^^^^^^^
    )
    ^
  File "C:\Users\milan\OneDrive\Desktop\E-commerce-Project\.venv\Lib\site-packages\django\db\backends\utils.py", line 92, in _execute_with_wrappers
    return executor(sql, params, many, context)
  File "C:\Users\milan\OneDrive\Desktop\E-commerce-Project\.venv\Lib\site-packages\django\db\backends\utils.py", line 100, in _execute
    with self.db.wrap_database_errors:
         ^^^^^^^^^^^^^^^^^^^^^^^^^^^^
  File "C:\Users\milan\OneDrive\Desktop\E-commerce-Project\.venv\Lib\site-packages\django\db\utils.py", line 91, in __exit__
    raise dj_exc_value.with_traceback(traceback) from exc_value
  File "C:\Users\milan\OneDrive\Desktop\E-commerce-Project\.venv\Lib\site-packages\django\db\backends\utils.py", line 105, in _execute
    return self.cursor.execute(sql, params)
           ~~~~~~~~~~~~~~~~~~~^^^^^^^^^^^^^
  File "C:\Users\milan\OneDrive\Desktop\E-commerce-Project\.venv\Lib\site-packages\django\db\backends\mysql\base.py", line 76, in execute
    return self.cursor.execute(query, args)
           ~~~~~~~~~~~~~~~~~~~^^^^^^^^^^^^^
  File "C:\Users\milan\OneDrive\Desktop\E-commerce-Project\.venv\Lib\site-packages\MySQLdb\cursors.py", line 179, in execute
    res = self._query(mogrified_query)
  File "C:\Users\milan\OneDrive\Desktop\E-commerce-Project\.venv\Lib\site-packages\MySQLdb\cursors.py", line 330, in _query
    db.query(q)
    ~~~~~~~~^^^
  File "C:\Users\milan\OneDrive\Desktop\E-commerce-Project\.venv\Lib\site-packages\MySQLdb\connections.py", line 286, in query
    _mysql.connection.query(self, query)
    ~~~~~~~~~~~~~~~~~~~~~~~^^^^^^^^^^^^^
django.db.utils.ProgrammingError: (1146, "Table 'ecommerce_db.hrm_attendancesyncsettings' doesn't exist")
[INFO] 2026-08-03 15:53:45 views.iclock_cdata:4243 [CDATA] SN=TEST IP=127.0.0.1 REGISTERED method=POST
[INFO] 2026-08-03 15:53:45 views.iclock_cdata:4280 [CDATA POST] SN=TEST table= body_length=25
